// Vitest Snapshot v1, https://vitest.dev/guide/snapshot.html

exports[`parseEnvArgs > abcd:1234 should heave 2 args 1`] = `2`;

exports[`parseEnvArgs > abcd:efgh,1234:5678 should parsed to ["abcd:efgh", "1234:5678"] 1`] = `
[
  "abcd:efgh",
  "1234:5678",
]
`;

exports[`parseEnvArgs > key:val should heave 2 args 1`] = `2`;

exports[`parseVPIdEnvArgs > (a,b) should have args length 2 1`] = `
[
  [
    "a",
  ],
  [
    "b",
  ],
]
`;

exports[`parseVPIdEnvArgs > (a:1,b:2,c:3) should have args length 3 1`] = `3`;

exports[`parseVPIdEnvArgs > (a:1,b:2,c:3) the "c" arg should be "3" 1`] = `"3"`;
