// Vitest Snapshot v1, https://vitest.dev/guide/snapshot.html

exports[`MiniClock > should render current time (10:13) 1`] = `"10:13"`;

exports[`MiniClock > should render current time (10:14) 1`] = `"10:14"`;

exports[`MiniClock > should render current time (10:15) 1`] = `"10:15"`;

exports[`MiniClock > should render current time (10:36) 1`] = `"10:36"`;

exports[`MiniClock > should render current time (10:38) 1`] = `"10:38"`;
