// Vitest Snapshot v1, https://vitest.dev/guide/snapshot.html

exports[`MiniClock > should render current time (13:24) 1`] = `true`;

exports[`MiniClock > should render current time (14:06) 1`] = `true`;

exports[`MiniClock > should render current time (14:07) 1`] = `true`;

exports[`MiniClock > should render current time (14:17) 1`] = `true`;

exports[`MiniClock > should render current time (14:33) 1`] = `true`;

exports[`MiniClock > should render current time (14:34) 1`] = `true`;

exports[`MiniClock > should render current time (14:37) 1`] = `true`;

exports[`MiniClock > should render current time (19:04) 1`] = `true`;
